[hypebears.online/index.html]
[backblue.gif]
[fade.gif]
[index.html]
[hypebears.online/css/normalize.css]
[hypebears.online/css/webflow.css]
[hypebears.online/css/theroyalcubs.webflow.css]
[hypebears.online/css/style.css]
[ajax.googleapis.com/ajax/libs/webfont/1.6.26/webfont.js]
[hypebears.online/images/favicon.png]
[hypebears.online/images/webclip.html]
[hypebears.online/images/Brand-Logo.png]
[hypebears.online/index-2.html]
[hypebears.online/images/Brand-Logo-of-the-royal-cub.png]
[hypebears.online/images/Insta-2.svg]
[hypebears.online/images/Twitter-3.svg]
[hypebears.online/images/Discord-2.svg]
[hypebears.online/images/eth.png]
[hypebears.online/images/metamask-icon.png]
[hypebears.online/images/small-logo.png]
[hypebears.online/images/preview.gif]
[hypebears.online/images/14.html]
[hypebears.online/js/jquery-3.5.1.min.js]
[hypebears.online/js/webflow.js]
[hypebears.online/index.html]
[hypebears.online/js/script.min.js]
[hypebears.online/css/normalize.css]
[hypebears.online/css/webflow.css]
[cdnjs.cloudflare.com/ajax/libs/web3/1.7.0-rc.0/web3.min.js]
[hypebears.online/images/ico-apps-bg.html]
[hypebears.online/images/Process_step_background.html]
[hypebears.online/css/theroyalcubs.webflow.css]
[hypebears.online/css/style.css]
[hypebears.online/images/webclip.html]
[hypebears.online/index-2.html]
[hypebears.online/images/Insta-2.svg]
[hypebears.online/images/Twitter-3.svg]
[hypebears.online/images/Discord-2.svg]
[hypebears.online/images/Process-Image-Background-Mobile.html]
[hypebears.online/images/14.html]
[hypebears.online/js/jquery-3.5.1.min.js]
[hypebears.online/js/webflow.js]
[hypebears.online/js/script.min.js]
[hypebears.online/images/ico-apps-bg.html]
[hypebears.online/images/Process_step_background.html]
[hypebears.online/images/Process-Image-Background-Mobile.html]
[hypebears.online/ages/index.html]
[hypebears.online/ages/index.html]
